---
source: compiler/toyc-ast-lowering/tests/ast-lowering.rs
assertion_line: 13
expression: ctx.root()

---
Package {
    items: [],
    span: Span {
        lo: 0,
        hi: 0,
    },
}
